// Jest Snapshot v1, https://goo.gl/fbAQLP

exports[`<BrandBox /> Renders a BrandBox 1`] = `
<div
  className="BrandBox__BrandBoxBase-bOpzwz dtwMcz"
>
  <div
    className="MegaLogo__MegaLogoBase-gVmnHe fjUeHC"
  >
    <span
      className="MegaLogo__C-hBLyQD CnhnX"
    >
      C
    </span>
    <span
      className="MegaLogo__C-hBLyQD iPmZWc"
    >
      T
    </span>
  </div>
</div>
`;
