// Jest Snapshot v1, https://goo.gl/fbAQLP

exports[`<CorsetThumbnailComponent /> Renders a Corset Snapshot 1`] = `
<div
  className="CorsetThumbnailComponent__CTC-bqQMiC gizajL"
>
  <a
    href="/corsets/test"
  >
    <h2>
      test
    </h2>
    <img
      alt="test"
      src="http://res.cloudinary.com/www-cinchedtight-com/image/upload/v1533177121/test"
    />
    <div
      className="summary"
    >
      test
    </div>
  </a>
</div>
`;
