// Jest Snapshot v1, https://goo.gl/fbAQLP

exports[`<CorsetCreator /> Renders only a NotLoggedInComponent when not logged in 1`] = `
<Provider
  store={
    Object {
      "dispatch": [Function],
      "getState": [Function],
      "injectedReducers": Object {
        "brand": [Function],
        "corsetGallery": [Function],
      },
      "injectedSagas": Object {
        "brand": Object {
          "mode": "@@saga-injector/restart-on-remount",
          "saga": [Function],
          "task": Object {
            "@@redux-saga/TASK": true,
            "cancel": [Function],
            "cont": undefined,
            "done": Promise {},
            "error": [Function],
            "id": 1,
            "isAborted": [Function],
            "isCancelled": [Function],
            "isRunning": [Function],
            "joiners": null,
            "name": "defaultSaga",
            "result": [Function],
            "setContext": [Function],
          },
        },
      },
      "replaceReducer": [Function],
      "runSaga": [Function],
      "subscribe": [Function],
      Symbol(Symbol.observable): [Function],
    }
  }
>
  <div>
    <withReducer(withSaga(Connect(BrandedHeaderBase)))>
      <withSaga(Connect(BrandedHeaderBase))>
        <Connect(BrandedHeaderBase)>
          <BrandedHeaderBase
            dispatch={[Function]}
            loggedIn={false}
          >
            <BrandedHeader__BH>
              <div
                className="BrandedHeader__BH-HxBPG kskhDL"
              >
                <BrandBox>
                  <BrandBox__BrandBoxBase>
                    <div
                      className="BrandBox__BrandBoxBase-bOpzwz dtwMcz"
                    >
                      <MegaLogo>
                        <MegaLogo__MegaLogoBase>
                          <div
                            className="MegaLogo__MegaLogoBase-gVmnHe fjUeHC"
                          >
                            <MegaLogo__C>
                              <span
                                className="MegaLogo__C-hBLyQD CnhnX"
                              >
                                C
                              </span>
                            </MegaLogo__C>
                            <MegaLogo__C>
                              <span
                                className="MegaLogo__C-hBLyQD iPmZWc"
                              >
                                T
                              </span>
                            </MegaLogo__C>
                          </div>
                        </MegaLogo__MegaLogoBase>
                      </MegaLogo>
                    </div>
                  </BrandBox__BrandBoxBase>
                </BrandBox>
                <BrandTitle>
                  <BrandTitle__BT>
                    <div
                      className="BrandTitle__BT-iyACyt doctaa"
                    >
                      <BrandTitle__BrandTitleBase>
                        <h1
                          className="BrandTitle__BrandTitleBase-fCqnon fsKsKs"
                        >
                          Cinched Tight
                        </h1>
                      </BrandTitle__BrandTitleBase>
                      <BrandTitle__BrandMessage>
                        <h2
                          className="BrandTitle__BrandMessage-bmovll bAcupH"
                        >
                          Celebrate Your Shape
                        </h2>
                      </BrandTitle__BrandMessage>
                    </div>
                  </BrandTitle__BT>
                </BrandTitle>
                <LogToggle
                  loggedIn={false}
                  onClick={[Function]}
                >
                  <LogToggle__LT
                    onClick={[Function]}
                  >
                    <a
                      className="LogToggle__LT-bRttfU iacwAB"
                      onClick={[Function]}
                    >
                      Log In
                    </a>
                  </LogToggle__LT>
                </LogToggle>
              </div>
            </BrandedHeader__BH>
          </BrandedHeaderBase>
        </Connect(BrandedHeaderBase)>
      </withSaga(Connect(BrandedHeaderBase))>
    </withReducer(withSaga(Connect(BrandedHeaderBase)))>
    <withReducer(Connect(CorsetCreator))>
      <Connect(CorsetCreator)>
        <CorsetCreator
          corsetGallery={Object {}}
          dispatch={[Function]}
          filteredCorsets={Array []}
          loggedIn={false}
        >
          <NotLoggedInComponent
            title="Corset Creator"
          >
            <h1>
              Corset Creator
            </h1>
            <Not>
              <div
                className="Not-bJJsFZ hKjuvT"
              >
                You must be logged in to access this page.
              </div>
            </Not>
          </NotLoggedInComponent>
        </CorsetCreator>
      </Connect(CorsetCreator)>
    </withReducer(Connect(CorsetCreator))>
  </div>
</Provider>
`;
