// Jest Snapshot v1, https://goo.gl/fbAQLP

exports[`<MegaLogo /> Renders a MegaLogoBase 1`] = `
<div
  className="MegaLogo__MegaLogoBase-gVmnHe kfezCB"
>
  <span
    className="MegaLogo__C-hBLyQD CnhnX"
  >
    C
  </span>
  <span
    className="MegaLogo__C-hBLyQD iPmZWc"
  >
    T
  </span>
</div>
`;
